// Jest Snapshot v1, https://goo.gl/fbAQLP

exports[`Account Component Render default 1`] = `
<form>
  <mdcard-stub>
    <mdcardcontent-stub>
      <mdfield-stub
        mdcounter="true"
        mdtogglepassword="true"
      >
        <label
          for="name"
        >
          Name
        </label>
         
        <mdinput-stub
          id="name"
          type="text"
        />
      </mdfield-stub>
       
      <mdfield-stub
        mdcounter="true"
        mdtogglepassword="true"
      >
        <input
          class="md-input"
          id="initalValue"
          type="text"
        />
         
        <mdicon-stub>
          attach_money
        </mdicon-stub>
      </mdfield-stub>
       
      <mdfield-stub
        mdcounter="true"
        mdtogglepassword="true"
      >
        <label
          for="type"
        >
          Type
        </label>
         
        <mdselect-stub
          id="type"
          name="type"
        >
          <mdoption-stub
            id="type-investing"
            value="investing"
          >
            
            Investimento
          
          </mdoption-stub>
          <mdoption-stub
            id="type-wallet"
            value="wallet"
          >
            
            Carteira
          
          </mdoption-stub>
          <mdoption-stub
            id="type-checking_account"
            value="checking_account"
          >
            
            Conta Bancaria
          
          </mdoption-stub>
        </mdselect-stub>
      </mdfield-stub>
    </mdcardcontent-stub>
     
    <mdcardactions-stub
      mdalignment="right"
    >
      <mdbutton-stub
        class="md-primary"
        id="save"
        type="button"
      >
        Save
      </mdbutton-stub>
    </mdcardactions-stub>
  </mdcard-stub>
</form>
`;
