// Jest Snapshot v1, https://goo.gl/fbAQLP

exports[`CategoryNew Component Render default 1`] = `
<div>
  <mdtoolbar-stub>
    <router-link-stub>
      <mdbutton-stub
        class="md-icon-button"
      >
        <mdicon-stub>
          keyboard_backspace
        </mdicon-stub>
      </mdbutton-stub>
    </router-link-stub>
     
    <h3
      class="md-title"
    >
      Nova Categoria
    </h3>
  </mdtoolbar-stub>
   
  <categoryform-stub />
</div>
`;
