// Jest Snapshot v1, https://goo.gl/fbAQLP

exports[`TransactionList Component Render default 1`] = `
<div
  class="full-height"
>
  <toolbar-stub />
   
  <mdtabs-stub>
    <mdtab-stub />
     
    <mdtab-stub />
  </mdtabs-stub>
   
  <mdtable-stub>
    false
  </mdtable-stub>
   
  <mdbutton-stub
    class="md-fab md-primary menu-speed"
  >
    <mdicon-stub>
      note_add
    </mdicon-stub>
  </mdbutton-stub>
</div>
`;

exports[`TransactionList Component Render with transactions 1`] = `
<div
  class="full-height"
>
  <div
    class="md-toolbar md-theme-default md-elevation-4"
  >
    <button
      class="md-button md-theme-default"
      id="btn-previus-month"
      type="button"
    >
      <div
        class="md-ripple"
      >
        <div
          class="md-button-content"
        >
          <i
            class="md-icon md-icon-font md-theme-default"
          >
            chevron_left
          </i>
           July 18
  
        </div>
         
      </div>
    </button>
     
    <h3
      class="md-title"
      style="text-align: center;"
    >
      August 18
    </h3>
     
    <button
      class="md-button md-theme-default"
      id="btn-next-month"
      type="button"
    >
      <div
        class="md-ripple"
      >
        <div
          class="md-button-content"
        >
          <i
            class="md-icon md-icon-font md-theme-default"
          >
            chevron_right
          </i>
           September 18
  
        </div>
         
      </div>
    </button>
  </div>
   
  <div
    class="md-tabs md-alignment-left md-no-transition md-theme-default"
  >
    <div
      class="md-tabs-navigation md-elevation-0"
    >
      <button
        class="md-button md-theme-default"
        type="button"
      >
        <div
          class="md-ripple"
        >
          <div
            class="md-button-content"
          >
            Fixas
          </div>
           
        </div>
      </button>
      <button
        class="md-button md-theme-default"
        type="button"
      >
        <div
          class="md-ripple"
        >
          <div
            class="md-button-content"
          >
            Variáveis
          </div>
           
        </div>
      </button>
       
      <span
        class="md-tabs-indicator"
      />
    </div>
     
    <div
      class="md-content md-tabs-content md-theme-default"
      style="height: 0px; display: none;"
    >
      <div
        class="md-tabs-container"
      >
        <div
          class="md-tab"
          id="md-tab-uo8adfvob"
        />
         
        <div
          class="md-tab"
          id="md-tab-lpeqm66v"
        />
      </div>
    </div>
  </div>
   
  <div
    class="md-card md-table md-theme-default"
    md-card=""
  >
     
    <!---->
     
    <!---->
     
    <div
      class="md-content md-table-content md-scrollbar md-theme-default"
    >
      <table>
        <!---->
         
        <tbody>
          <tr
            class="md-table-row"
          >
            <!---->
             
            <th
              class="md-table-head"
            >
              <div
                class="md-table-head-container"
              >
                <div
                  class="md-table-head-label"
                >
                  Nome
                </div>
              </div>
            </th>
             
            <th
              class="md-table-head"
            >
              <div
                class="md-table-head-container"
              >
                <div
                  class="md-table-head-label"
                >
                  Valor
                </div>
              </div>
            </th>
             
            <th
              class="md-table-head"
            >
              <div
                class="md-table-head-container"
              >
                <div
                  class="md-table-head-label"
                >
                  Data
                </div>
              </div>
            </th>
             
            <th
              class="md-table-head"
              style="width: 75px;"
            >
              <div
                class="md-table-head-container"
              >
                <div
                  class="md-table-head-label"
                >
                  Pago?
                </div>
              </div>
            </th>
             
            <th
              class="md-table-head"
              style="width: 60px;"
            >
              <div
                class="md-table-head-container md-ripple md-disabled"
              >
                <div
                  class="md-table-head-label"
                >
                  <!---->
                  

      

      
                  <!---->
                </div>
                 
              </div>
            </th>
          </tr>
           
          <tr
            class="md-table-row"
            id="transaction-3"
          >
            <!---->
             
            <td
              class="md-table-cell"
            >
              <div
                class="md-table-cell-container"
              >
                AlmoçoAlmoço 2
              </div>
            </td>
             
            <td
              class="md-table-cell"
            >
              <div
                class="md-table-cell-container"
              >
                15.00
              </div>
            </td>
             
            <td
              class="md-table-cell"
            >
              <div
                class="md-table-cell-container"
              >
                2018-07-02
              </div>
            </td>
             
            <td
              class="md-table-cell md-table-cell-center"
            >
              <div
                class="md-table-cell-container"
              >
                <i
                  class="md-icon md-icon-font md-theme-default"
                >
                  lens
                </i>
              </div>
            </td>
             
            <td
              class="md-table-cell"
            >
              <div
                class="md-table-cell-container"
              >
                <button
                  class="md-button md-icon-button md-theme-default"
                  type="button"
                >
                  <div
                    class="md-ripple"
                  >
                    <div
                      class="md-button-content"
                    >
                      <i
                        class="md-icon md-icon-font md-theme-default"
                      >
                        chevron_right
                      </i>
                    </div>
                     
                  </div>
                </button>
              </div>
            </td>
          </tr>
          <tr
            class="md-table-row"
            id="transaction-2"
          >
            <!---->
             
            <td
              class="md-table-cell"
            >
              <div
                class="md-table-cell-container"
              >
                Coxinha
              </div>
            </td>
             
            <td
              class="md-table-cell"
            >
              <div
                class="md-table-cell-container"
              >
                3.13
              </div>
            </td>
             
            <td
              class="md-table-cell"
            >
              <div
                class="md-table-cell-container"
              >
                2018-08-04
              </div>
            </td>
             
            <td
              class="md-table-cell md-table-cell-center"
            >
              <div
                class="md-table-cell-container"
              >
                <i
                  class="md-icon md-icon-font md-theme-default"
                >
                  lens
                </i>
              </div>
            </td>
             
            <td
              class="md-table-cell"
            >
              <div
                class="md-table-cell-container"
              >
                <button
                  class="md-button md-icon-button md-theme-default"
                  type="button"
                >
                  <div
                    class="md-ripple"
                  >
                    <div
                      class="md-button-content"
                    >
                      <i
                        class="md-icon md-icon-font md-theme-default"
                      >
                        chevron_right
                      </i>
                    </div>
                     
                  </div>
                </button>
              </div>
            </td>
          </tr>
          <tr
            class="md-table-row"
            id="transaction-1"
          >
            <!---->
             
            <td
              class="md-table-cell"
            >
              <div
                class="md-table-cell-container"
              >
                Lanche na Sonia
              </div>
            </td>
             
            <td
              class="md-table-cell"
            >
              <div
                class="md-table-cell-container"
              >
                30.90
              </div>
            </td>
             
            <td
              class="md-table-cell"
            >
              <div
                class="md-table-cell-container"
              >
                2018-08-04
              </div>
            </td>
             
            <td
              class="md-table-cell md-table-cell-center"
            >
              <div
                class="md-table-cell-container"
              >
                <i
                  class="md-icon md-icon-font md-theme-default"
                >
                  check_circle
                </i>
              </div>
            </td>
             
            <td
              class="md-table-cell"
            >
              <div
                class="md-table-cell-container"
              >
                <button
                  class="md-button md-icon-button md-theme-default"
                  type="button"
                >
                  <div
                    class="md-ripple"
                  >
                    <div
                      class="md-button-content"
                    >
                      <i
                        class="md-icon md-icon-font md-theme-default"
                      >
                        chevron_right
                      </i>
                    </div>
                     
                  </div>
                </button>
              </div>
            </td>
          </tr>
        </tbody>
      </table>
       
    </div>
     
    <!---->
  </div>
   
  <button
    class="md-button md-fab md-primary menu-speed md-theme-default"
    type="button"
  >
    <div
      class="md-ripple"
    >
      <div
        class="md-button-content"
      >
        <i
          class="md-icon md-icon-font md-theme-default"
        >
          note_add
        </i>
      </div>
       
    </div>
  </button>
</div>
`;
